---
source: koharu-rpc/tests/openapi.rs
expression: paths
---
[
    (
        "/ai/codex/auth/device-code",
        [
            "post",
        ],
    ),
    (
        "/ai/codex/auth/session",
        [
            "delete",
        ],
    ),
    (
        "/ai/codex/auth/status",
        [
            "get",
        ],
    ),
    (
        "/ai/codex/images",
        [
            "post",
        ],
    ),
    (
        "/blobs/{hash}",
        [
            "get",
        ],
    ),
    (
        "/config",
        [
            "get",
            "patch",
        ],
    ),
    (
        "/config/providers/{id}/secret",
        [
            "delete",
            "put",
        ],
    ),
    (
        "/downloads",
        [
            "get",
            "post",
        ],
    ),
    (
        "/engines",
        [
            "get",
        ],
    ),
    (
        "/events",
        [
            "get",
        ],
    ),
    (
        "/fonts",
        [
            "get",
        ],
    ),
    (
        "/google-fonts",
        [
            "get",
        ],
    ),
    (
        "/google-fonts/{family}/fetch",
        [
            "post",
        ],
    ),
    (
        "/google-fonts/{family}/{file}",
        [
            "get",
        ],
    ),
    (
        "/history/apply",
        [
            "post",
        ],
    ),
    (
        "/history/redo",
        [
            "post",
        ],
    ),
    (
        "/history/undo",
        [
            "post",
        ],
    ),
    (
        "/llm/catalog",
        [
            "get",
        ],
    ),
    (
        "/llm/current",
        [
            "delete",
            "get",
            "put",
        ],
    ),
    (
        "/meta",
        [
            "get",
        ],
    ),
    (
        "/operations",
        [
            "get",
        ],
    ),
    (
        "/operations/{id}",
        [
            "delete",
        ],
    ),
    (
        "/pages",
        [
            "post",
        ],
    ),
    (
        "/pages/from-paths",
        [
            "post",
        ],
    ),
    (
        "/pages/{id}/image-layers",
        [
            "post",
        ],
    ),
    (
        "/pages/{id}/masks/{role}",
        [
            "put",
        ],
    ),
    (
        "/pages/{id}/thumbnail",
        [
            "get",
        ],
    ),
    (
        "/pages/{page_id}/reorder-text-nodes",
        [
            "post",
        ],
    ),
    (
        "/pipelines",
        [
            "post",
        ],
    ),
    (
        "/projects",
        [
            "get",
            "post",
        ],
    ),
    (
        "/projects/current",
        [
            "delete",
            "put",
        ],
    ),
    (
        "/projects/current/export",
        [
            "post",
        ],
    ),
    (
        "/projects/import",
        [
            "post",
        ],
    ),
    (
        "/projects/{id}",
        [
            "delete",
        ],
    ),
    (
        "/scene.bin",
        [
            "get",
        ],
    ),
    (
        "/scene.json",
        [
            "get",
        ],
    ),
]
